==========input==========
mk hello
cd hello
mk world/"!"
cd world/"!"
cd @000000000000
ls
==========stdout==========
g> g> g> g> g> g> "hello" at @O8OhMSVtjevt
g> Goodbye!
==========stderr==========
==========graph-dump==========
@000000000000{out=[@O8OhMSVtjevt via "hello"], in=[@0daCJjMrQel8 via "origin"]}
@0daCJjMrQel8{out=[@zsBuPkn5mh8F via "file-extensions", @AhQufiPzgyRf via "file-hashes", @3JJvxFUHGAA1 via "historical-special-nodes", @S00KkOYoVpFu via "import-dates", @a0fVkm0kR7KE via "import-urls", @927u9Xyky2pC via "mime-types", @000000000000 via "origin", @pbYxBO6fzBQV via "tags"], in=[]}
@3JJvxFUHGAA1{out=[@VEfLhuTgZ88Z via "sequence-ids"], in=[@0daCJjMrQel8 via "historical-special-nodes"]}
@927u9Xyky2pC{out=[], in=[@0daCJjMrQel8 via "mime-types"]}
@AhQufiPzgyRf{out=[], in=[@0daCJjMrQel8 via "file-hashes"]}
@DQ1KCJgauHiV{out=[@sYumkceKpoAh via "01"], in=[@Pqf7kGOdKJIr via "01"]}
@O8OhMSVtjevt{out=[@w4VxcgSm0Js6 via "world"], in=[@sYumkceKpoAh via "00:00:00.000000000000", @000000000000 via "hello"]}
@Pqf7kGOdKJIr{out=[@DQ1KCJgauHiV via "01"], in=[@S00KkOYoVpFu via "1970"]}
@S00KkOYoVpFu{out=[@Pqf7kGOdKJIr via "1970"], in=[@0daCJjMrQel8 via "import-dates"]}
@VEfLhuTgZ88Z{out=[], in=[@3JJvxFUHGAA1 via "sequence-ids"]}
@a0fVkm0kR7KE{out=[], in=[@0daCJjMrQel8 via "import-urls"]}
@pbYxBO6fzBQV{out=[], in=[@0daCJjMrQel8 via "tags"]}
@sYumkceKpoAh{out=[@O8OhMSVtjevt via "00:00:00.000000000000", @w4P7BSd8jU2v via "00:00:01.000000000000", @w4VxcgSm0Js6 via "00:00:01.000000000000"], in=[@DQ1KCJgauHiV via "01"]}
@w4P7BSd8jU2v{out=[], in=[@w4VxcgSm0Js6 via "!", @sYumkceKpoAh via "00:00:01.000000000000"]}
@w4VxcgSm0Js6{out=[@w4P7BSd8jU2v via "!"], in=[@sYumkceKpoAh via "00:00:01.000000000000", @O8OhMSVtjevt via "world"]}
@zsBuPkn5mh8F{out=[], in=[@0daCJjMrQel8 via "file-extensions"]}
