==========input==========
mk a + b
mg a + b
cd a
d
ls
==========stdout==========
g> g> g> g> g> "00:00:00.000000000000" at w4VxcgSm0Js6
"a" at 000000000000
"b" at 000000000000
g> Goodbye!
==========stderr==========
cd needs a path that resolves to a single node
but it resolved to: []
==========graph-dump==========
000000000000{in=[0daCJjMrQel8 via "origin"], out=[O8OhMSVtjevt via "a",O8OhMSVtjevt via "b"]}
0daCJjMrQel8{in=[], out=[zsBuPkn5mh8F via "file-extensions",AhQufiPzgyRf via "file-hashes",3JJvxFUHGAA1 via "historical-special-nodes",S00KkOYoVpFu via "import-dates",a0fVkm0kR7KE via "import-urls",927u9Xyky2pC via "mime-types",000000000000 via "origin",pbYxBO6fzBQV via "tags"]}
3JJvxFUHGAA1{in=[0daCJjMrQel8 via "historical-special-nodes"], out=[VEfLhuTgZ88Z via "sequence-ids"]}
927u9Xyky2pC{in=[0daCJjMrQel8 via "mime-types"], out=[]}
AhQufiPzgyRf{in=[0daCJjMrQel8 via "file-hashes"], out=[]}
DQ1KCJgauHiV{in=[S00KkOYoVpFu via "1970"], out=[sYumkceKpoAh via "01"]}
O8OhMSVtjevt{in=[w4VxcgSm0Js6 via "00:00:00.000000000000",000000000000 via "a",000000000000 via "b"], out=[]}
S00KkOYoVpFu{in=[0daCJjMrQel8 via "import-dates"], out=[DQ1KCJgauHiV via "1970"]}
VEfLhuTgZ88Z{in=[3JJvxFUHGAA1 via "sequence-ids"], out=[]}
a0fVkm0kR7KE{in=[0daCJjMrQel8 via "import-urls"], out=[]}
pbYxBO6fzBQV{in=[0daCJjMrQel8 via "tags"], out=[]}
sYumkceKpoAh{in=[DQ1KCJgauHiV via "01"], out=[w4VxcgSm0Js6 via "01"]}
w4VxcgSm0Js6{in=[sYumkceKpoAh via "01"], out=[O8OhMSVtjevt via "00:00:00.000000000000"]}
zsBuPkn5mh8F{in=[0daCJjMrQel8 via "file-extensions"], out=[]}
