==========input==========
mk a + b
mg a + b
cd a
ls ~*
==========stdout==========
g> g> g> g> [0m[0;1m"00:00:00.000000000000"[0m[0m [0;34m@w4VxcgSm0Js6[0m [0m[0m
[0m[0;1ma[0m[0m [0;34m@000000000000[0m [0m[0m
[0m[0;1mb[0m[0m [0;34m@000000000000[0m [0m[0m
g> Goodbye!
==========stderr==========
cd needs a path that resolves to a single node
but it resolved to: []
==========graph-dump==========
@000000000000{out=[@O8OhMSVtjevt via "a", @O8OhMSVtjevt via "b"], in=[@0daCJjMrQel8 via "origin"]}
@0daCJjMrQel8{out=[@zsBuPkn5mh8F via "file-extensions", @AhQufiPzgyRf via "file-hashes", @3JJvxFUHGAA1 via "historical-special-nodes", @S00KkOYoVpFu via "import-dates", @a0fVkm0kR7KE via "import-urls", @927u9Xyky2pC via "mime-types", @000000000000 via "origin", @pbYxBO6fzBQV via "tags"], in=[]}
@3JJvxFUHGAA1{out=[@VEfLhuTgZ88Z via "sequence-ids"], in=[@0daCJjMrQel8 via "historical-special-nodes"]}
@927u9Xyky2pC{out=[], in=[@0daCJjMrQel8 via "mime-types"]}
@AhQufiPzgyRf{out=[], in=[@0daCJjMrQel8 via "file-hashes"]}
@DQ1KCJgauHiV{out=[@sYumkceKpoAh via "01"], in=[@S00KkOYoVpFu via "1970"]}
@O8OhMSVtjevt{out=[], in=[@w4VxcgSm0Js6 via "00:00:00.000000000000", @000000000000 via "a", @000000000000 via "b"]}
@S00KkOYoVpFu{out=[@DQ1KCJgauHiV via "1970"], in=[@0daCJjMrQel8 via "import-dates"]}
@VEfLhuTgZ88Z{out=[], in=[@3JJvxFUHGAA1 via "sequence-ids"]}
@a0fVkm0kR7KE{out=[], in=[@0daCJjMrQel8 via "import-urls"]}
@pbYxBO6fzBQV{out=[], in=[@0daCJjMrQel8 via "tags"]}
@sYumkceKpoAh{out=[@w4VxcgSm0Js6 via "01"], in=[@DQ1KCJgauHiV via "01"]}
@w4VxcgSm0Js6{out=[@O8OhMSVtjevt via "00:00:00.000000000000"], in=[@sYumkceKpoAh via "01"]}
@zsBuPkn5mh8F{out=[], in=[@0daCJjMrQel8 via "file-extensions"]}
